b'OpenGL ES 3.2 Mesa 25.2.8-0ubuntu0.24.04.2' b'llvmpipe (LLVM 20.1.2, 256 bits)'
uploaded Closed_alluvial_terrain
uploaded West_closed_sandstone_mass
uploaded East_closed_sandstone_mass
uploaded Jointed_talus_blocks
uploaded Bedded_rockfall_fragments
uploaded Wash_gravel
rendered /home/runner/work/sandstone-walk/sandstone-walk/build/formation_frames/0000.png
rendered /home/runner/work/sandstone-walk/sandstone-walk/build/formation_frames/0001.png
rendered /home/runner/work/sandstone-walk/sandstone-walk/build/formation_frames/0002.png
rendered /home/runner/work/sandstone-walk/sandstone-walk/build/formation_frames/0003.png
rendered /home/runner/work/sandstone-walk/sandstone-walk/build/formation_frames/0004.png
rendered /home/runner/work/sandstone-walk/sandstone-walk/build/formation_frames/0005.png
rendered /home/runner/work/sandstone-walk/sandstone-walk/build/formation_frames/0006.png
rendered /home/runner/work/sandstone-walk/sandstone-walk/build/formation_frames/0007.png
rendered /home/runner/work/sandstone-walk/sandstone-walk/build/formation_frames/0008.png
rendered /home/runner/work/sandstone-walk/sandstone-walk/build/formation_frames/0009.png
rendered /home/runner/work/sandstone-walk/sandstone-walk/build/formation_frames/0010.png
rendered /home/runner/work/sandstone-walk/sandstone-walk/build/formation_frames/0011.png
rendered /home/runner/work/sandstone-walk/sandstone-walk/build/formation_frames/0012.png
rendered /home/runner/work/sandstone-walk/sandstone-walk/build/formation_frames/0013.png
rendered /home/runner/work/sandstone-walk/sandstone-walk/build/formation_frames/0014.png
rendered /home/runner/work/sandstone-walk/sandstone-walk/build/formation_frames/0015.png
rendered /home/runner/work/sandstone-walk/sandstone-walk/build/formation_frames/0016.png
rendered /home/runner/work/sandstone-walk/sandstone-walk/build/formation_frames/0017.png
rendered /home/runner/work/sandstone-walk/sandstone-walk/build/formation_frames/0018.png
rendered /home/runner/work/sandstone-walk/sandstone-walk/build/formation_frames/0019.png
rendered /home/runner/work/sandstone-walk/sandstone-walk/build/formation_frames/0020.png
rendered /home/runner/work/sandstone-walk/sandstone-walk/build/formation_frames/0021.png
rendered /home/runner/work/sandstone-walk/sandstone-walk/build/formation_frames/0022.png
rendered /home/runner/work/sandstone-walk/sandstone-walk/build/formation_frames/0023.png
rendered /home/runner/work/sandstone-walk/sandstone-walk/build/formation_frames/0024.png
rendered /home/runner/work/sandstone-walk/sandstone-walk/build/formation_frames/0025.png
rendered /home/runner/work/sandstone-walk/sandstone-walk/build/formation_frames/0026.png
rendered /home/runner/work/sandstone-walk/sandstone-walk/build/formation_frames/0027.png
rendered /home/runner/work/sandstone-walk/sandstone-walk/build/formation_frames/0028.png
rendered /home/runner/work/sandstone-walk/sandstone-walk/build/formation_frames/0029.png
rendered /home/runner/work/sandstone-walk/sandstone-walk/build/formation_frames/0030.png
rendered /home/runner/work/sandstone-walk/sandstone-walk/build/formation_frames/0031.png
rendered /home/runner/work/sandstone-walk/sandstone-walk/build/formation_frames/0032.png
rendered /home/runner/work/sandstone-walk/sandstone-walk/build/formation_frames/0033.png
rendered /home/runner/work/sandstone-walk/sandstone-walk/build/formation_frames/0034.png
rendered /home/runner/work/sandstone-walk/sandstone-walk/build/formation_frames/0035.png
rendered /home/runner/work/sandstone-walk/sandstone-walk/build/formation_frames/0036.png
rendered /home/runner/work/sandstone-walk/sandstone-walk/build/formation_frames/0037.png
rendered /home/runner/work/sandstone-walk/sandstone-walk/build/formation_frames/0038.png
rendered /home/runner/work/sandstone-walk/sandstone-walk/build/formation_frames/0039.png
rendered /home/runner/work/sandstone-walk/sandstone-walk/build/formation_frames/0040.png
rendered /home/runner/work/sandstone-walk/sandstone-walk/build/formation_frames/0041.png
rendered /home/runner/work/sandstone-walk/sandstone-walk/build/formation_frames/0042.png
rendered /home/runner/work/sandstone-walk/sandstone-walk/build/formation_frames/0043.png
rendered /home/runner/work/sandstone-walk/sandstone-walk/build/formation_frames/0044.png
rendered /home/runner/work/sandstone-walk/sandstone-walk/build/formation_frames/0045.png
rendered /home/runner/work/sandstone-walk/sandstone-walk/build/formation_frames/0046.png
rendered /home/runner/work/sandstone-walk/sandstone-walk/build/formation_frames/0047.png
rendered /home/runner/work/sandstone-walk/sandstone-walk/build/formation_frames/0048.png
rendered /home/runner/work/sandstone-walk/sandstone-walk/build/formation_frames/0049.png
rendered /home/runner/work/sandstone-walk/sandstone-walk/build/formation_frames/0050.png
rendered /home/runner/work/sandstone-walk/sandstone-walk/build/formation_frames/0051.png
rendered /home/runner/work/sandstone-walk/sandstone-walk/build/formation_frames/0052.png
rendered /home/runner/work/sandstone-walk/sandstone-walk/build/formation_frames/0053.png
rendered /home/runner/work/sandstone-walk/sandstone-walk/build/formation_frames/0054.png
rendered /home/runner/work/sandstone-walk/sandstone-walk/build/formation_frames/0055.png
rendered /home/runner/work/sandstone-walk/sandstone-walk/build/formation_frames/0056.png
rendered /home/runner/work/sandstone-walk/sandstone-walk/build/formation_frames/0057.png
rendered /home/runner/work/sandstone-walk/sandstone-walk/build/formation_frames/0058.png
rendered /home/runner/work/sandstone-walk/sandstone-walk/build/formation_frames/0059.png
rendered /home/runner/work/sandstone-walk/sandstone-walk/build/formation_frames/0060.png
rendered /home/runner/work/sandstone-walk/sandstone-walk/build/formation_frames/0061.png
rendered /home/runner/work/sandstone-walk/sandstone-walk/build/formation_frames/0062.png
rendered /home/runner/work/sandstone-walk/sandstone-walk/build/formation_frames/0063.png
rendered /home/runner/work/sandstone-walk/sandstone-walk/build/formation_frames/0064.png
rendered /home/runner/work/sandstone-walk/sandstone-walk/build/formation_frames/0065.png
rendered /home/runner/work/sandstone-walk/sandstone-walk/build/formation_frames/0066.png
rendered /home/runner/work/sandstone-walk/sandstone-walk/build/formation_frames/0067.png
rendered /home/runner/work/sandstone-walk/sandstone-walk/build/formation_frames/0068.png
rendered /home/runner/work/sandstone-walk/sandstone-walk/build/formation_frames/0069.png
rendered /home/runner/work/sandstone-walk/sandstone-walk/build/formation_frames/0070.png
rendered /home/runner/work/sandstone-walk/sandstone-walk/build/formation_frames/0071.png
rendered /home/runner/work/sandstone-walk/sandstone-walk/build/formation_frames/0072.png
rendered /home/runner/work/sandstone-walk/sandstone-walk/build/formation_frames/0073.png
rendered /home/runner/work/sandstone-walk/sandstone-walk/build/formation_frames/0074.png
rendered /home/runner/work/sandstone-walk/sandstone-walk/build/formation_frames/0075.png
rendered /home/runner/work/sandstone-walk/sandstone-walk/build/formation_frames/0076.png
rendered /home/runner/work/sandstone-walk/sandstone-walk/build/formation_frames/0077.png
rendered /home/runner/work/sandstone-walk/sandstone-walk/build/formation_frames/0078.png
rendered /home/runner/work/sandstone-walk/sandstone-walk/build/formation_frames/0079.png
rendered /home/runner/work/sandstone-walk/sandstone-walk/build/formation_frames/0080.png
rendered /home/runner/work/sandstone-walk/sandstone-walk/build/formation_frames/0081.png
rendered /home/runner/work/sandstone-walk/sandstone-walk/build/formation_frames/0082.png
rendered /home/runner/work/sandstone-walk/sandstone-walk/build/formation_frames/0083.png
rendered /home/runner/work/sandstone-walk/sandstone-walk/build/formation_frames/0084.png
rendered /home/runner/work/sandstone-walk/sandstone-walk/build/formation_frames/0085.png
rendered /home/runner/work/sandstone-walk/sandstone-walk/build/formation_frames/0086.png
rendered /home/runner/work/sandstone-walk/sandstone-walk/build/formation_frames/0087.png
rendered /home/runner/work/sandstone-walk/sandstone-walk/build/formation_frames/0088.png
rendered /home/runner/work/sandstone-walk/sandstone-walk/build/formation_frames/0089.png
rendered /home/runner/work/sandstone-walk/sandstone-walk/build/formation_frames/0090.png
rendered /home/runner/work/sandstone-walk/sandstone-walk/build/formation_frames/0091.png
rendered /home/runner/work/sandstone-walk/sandstone-walk/build/formation_frames/0092.png
rendered /home/runner/work/sandstone-walk/sandstone-walk/build/formation_frames/0093.png
rendered /home/runner/work/sandstone-walk/sandstone-walk/build/formation_frames/0094.png
rendered /home/runner/work/sandstone-walk/sandstone-walk/build/formation_frames/0095.png
rendered /home/runner/work/sandstone-walk/sandstone-walk/build/formation_frames/0096.png
rendered /home/runner/work/sandstone-walk/sandstone-walk/build/formation_frames/0097.png
rendered /home/runner/work/sandstone-walk/sandstone-walk/build/formation_frames/0098.png
rendered /home/runner/work/sandstone-walk/sandstone-walk/build/formation_frames/0099.png
rendered /home/runner/work/sandstone-walk/sandstone-walk/build/formation_frames/0100.png
rendered /home/runner/work/sandstone-walk/sandstone-walk/build/formation_frames/0101.png
rendered /home/runner/work/sandstone-walk/sandstone-walk/build/formation_frames/0102.png
rendered /home/runner/work/sandstone-walk/sandstone-walk/build/formation_frames/0103.png
rendered /home/runner/work/sandstone-walk/sandstone-walk/build/formation_frames/0104.png
rendered /home/runner/work/sandstone-walk/sandstone-walk/build/formation_frames/0105.png
rendered /home/runner/work/sandstone-walk/sandstone-walk/build/formation_frames/0106.png
rendered /home/runner/work/sandstone-walk/sandstone-walk/build/formation_frames/0107.png
rendered /home/runner/work/sandstone-walk/sandstone-walk/build/formation_frames/0108.png
rendered /home/runner/work/sandstone-walk/sandstone-walk/build/formation_frames/0109.png
rendered /home/runner/work/sandstone-walk/sandstone-walk/build/formation_frames/0110.png
rendered /home/runner/work/sandstone-walk/sandstone-walk/build/formation_frames/0111.png
rendered /home/runner/work/sandstone-walk/sandstone-walk/build/formation_frames/0112.png
rendered /home/runner/work/sandstone-walk/sandstone-walk/build/formation_frames/0113.png
rendered /home/runner/work/sandstone-walk/sandstone-walk/build/formation_frames/0114.png
rendered /home/runner/work/sandstone-walk/sandstone-walk/build/formation_frames/0115.png
rendered /home/runner/work/sandstone-walk/sandstone-walk/build/formation_frames/0116.png
rendered /home/runner/work/sandstone-walk/sandstone-walk/build/formation_frames/0117.png
rendered /home/runner/work/sandstone-walk/sandstone-walk/build/formation_frames/0118.png
rendered /home/runner/work/sandstone-walk/sandstone-walk/build/formation_frames/0119.png
rendered /home/runner/work/sandstone-walk/sandstone-walk/build/formation_frames/0120.png
rendered /home/runner/work/sandstone-walk/sandstone-walk/build/formation_frames/0121.png
rendered /home/runner/work/sandstone-walk/sandstone-walk/build/formation_frames/0122.png
rendered /home/runner/work/sandstone-walk/sandstone-walk/build/formation_frames/0123.png
rendered /home/runner/work/sandstone-walk/sandstone-walk/build/formation_frames/0124.png
rendered /home/runner/work/sandstone-walk/sandstone-walk/build/formation_frames/0125.png
rendered /home/runner/work/sandstone-walk/sandstone-walk/build/formation_frames/0126.png
rendered /home/runner/work/sandstone-walk/sandstone-walk/build/formation_frames/0127.png
rendered /home/runner/work/sandstone-walk/sandstone-walk/build/formation_frames/0128.png
rendered /home/runner/work/sandstone-walk/sandstone-walk/build/formation_frames/0129.png
rendered /home/runner/work/sandstone-walk/sandstone-walk/build/formation_frames/0130.png
rendered /home/runner/work/sandstone-walk/sandstone-walk/build/formation_frames/0131.png
rendered /home/runner/work/sandstone-walk/sandstone-walk/build/formation_frames/0132.png
rendered /home/runner/work/sandstone-walk/sandstone-walk/build/formation_frames/0133.png
rendered /home/runner/work/sandstone-walk/sandstone-walk/build/formation_frames/0134.png
rendered /home/runner/work/sandstone-walk/sandstone-walk/build/formation_frames/0135.png
rendered /home/runner/work/sandstone-walk/sandstone-walk/build/formation_frames/0136.png
rendered /home/runner/work/sandstone-walk/sandstone-walk/build/formation_frames/0137.png
rendered /home/runner/work/sandstone-walk/sandstone-walk/build/formation_frames/0138.png
rendered /home/runner/work/sandstone-walk/sandstone-walk/build/formation_frames/0139.png
rendered /home/runner/work/sandstone-walk/sandstone-walk/build/formation_frames/0140.png
rendered /home/runner/work/sandstone-walk/sandstone-walk/build/formation_frames/0141.png
rendered /home/runner/work/sandstone-walk/sandstone-walk/build/formation_frames/0142.png
rendered /home/runner/work/sandstone-walk/sandstone-walk/build/formation_frames/0143.png
