EXACT_BVH 4611262 triangles 2621785 nodes 420170 wide
BVH_SECONDS 5.14235
INDIRECT 20000/145287 19.7298 s
INDIRECT 40000/145287 33.4137 s
INDIRECT 60000/145287 47.1427 s
INDIRECT 80000/145287 64.9178 s
INDIRECT 100000/145287 85.9551 s
INDIRECT 120000/145287 106.861 s
INDIRECT 140000/145287 126.975 s
INDIRECT_COMPLETE 132.307 s
DIRECT 131072/2307937 133.126 s
DIRECT 262144/2307937 133.97 s
DIRECT 393216/2307937 134.843 s
DIRECT 524288/2307937 135.484 s
DIRECT 655360/2307937 135.745 s
DIRECT 786432/2307937 136.033 s
DIRECT 917504/2307937 136.323 s
DIRECT 1048576/2307937 136.66 s
DIRECT 1179648/2307937 136.972 s
DIRECT 1310720/2307937 137.256 s
DIRECT 1441792/2307937 137.937 s
DIRECT 1572864/2307937 138.508 s
DIRECT 1703936/2307937 139.089 s
DIRECT 1835008/2307937 139.666 s
DIRECT 1966080/2307937 140.289 s
DIRECT 2097152/2307937 140.902 s
DIRECT 2228224/2307937 141.911 s
DIRECT 2307937/2307937 142.257 s
