EXACT_BVH 8108728 triangles 4711451 nodes 768112 wide
BVH_SECONDS 11.3494
INDIRECT 20000/414439 19.4073 s
INDIRECT 40000/414439 30.9687 s
INDIRECT 60000/414439 42.5166 s
INDIRECT 80000/414439 53.524 s
INDIRECT 100000/414439 64.655 s
INDIRECT 120000/414439 78.7538 s
INDIRECT 140000/414439 91.8201 s
INDIRECT 160000/414439 103.073 s
INDIRECT 180000/414439 114.318 s
INDIRECT 200000/414439 125.896 s
INDIRECT 220000/414439 137.475 s
INDIRECT 240000/414439 149.723 s
INDIRECT 260000/414439 161.995 s
INDIRECT 280000/414439 174.431 s
INDIRECT 300000/414439 183.904 s
INDIRECT 320000/414439 193.109 s
INDIRECT 340000/414439 202.523 s
INDIRECT 360000/414439 211.766 s
INDIRECT 380000/414439 220.83 s
INDIRECT 400000/414439 231.017 s
INDIRECT_COMPLETE 237.489 s
DIRECT 131072/4072674 237.839 s
DIRECT 262144/4072674 238.064 s
DIRECT 393216/4072674 238.338 s
DIRECT 524288/4072674 238.605 s
DIRECT 655360/4072674 239.092 s
DIRECT 786432/4072674 239.598 s
DIRECT 917504/4072674 239.957 s
DIRECT 1048576/4072674 240.113 s
DIRECT 1179648/4072674 240.267 s
DIRECT 1310720/4072674 240.398 s
DIRECT 1441792/4072674 240.534 s
DIRECT 1572864/4072674 240.662 s
DIRECT 1703936/4072674 240.806 s
DIRECT 1835008/4072674 240.927 s
DIRECT 1966080/4072674 241.058 s
DIRECT 2097152/4072674 241.171 s
DIRECT 2228224/4072674 241.524 s
DIRECT 2359296/4072674 241.822 s
DIRECT 2490368/4072674 242.156 s
DIRECT 2621440/4072674 242.695 s
DIRECT 2752512/4072674 243.297 s
DIRECT 2883584/4072674 243.627 s
DIRECT 3014656/4072674 243.858 s
DIRECT 3145728/4072674 244.201 s
DIRECT 3276800/4072674 244.455 s
DIRECT 3407872/4072674 244.674 s
DIRECT 3538944/4072674 244.865 s
DIRECT 3670016/4072674 245.06 s
DIRECT 3801088/4072674 245.305 s
DIRECT 3932160/4072674 245.519 s
DIRECT 4063232/4072674 245.747 s
DIRECT 4072674/4072674 245.759 s
